Loading db file '/home/IC/tsmc_fb_cl013g_sc/aci/sc-m/synopsys/scmetro_tsmc_cl013g_rvt_ss_1p08v_125c.db'
Information: Propagating switching activity (low effort zero delay simulation). (PWR-6)
Warning: Design has unannotated primary inputs. (PWR-414)
Warning: Design has unannotated sequential cell outputs. (PWR-415)
 
****************************************
Report : power
        -hier
        -analysis_effort low
Design : SYS_TOP
Version: K-2015.06
Date   : Mon Sep 29 20:45:43 2025
****************************************


Library(s) Used:

    scmetro_tsmc_cl013g_rvt_ss_1p08v_125c (File: /home/IC/tsmc_fb_cl013g_sc/aci/sc-m/synopsys/scmetro_tsmc_cl013g_rvt_ss_1p08v_125c.db)


Operating Conditions: scmetro_tsmc_cl013g_rvt_ss_1p08v_125c   Library: scmetro_tsmc_cl013g_rvt_ss_1p08v_125c
Wire Load Model Mode: top

Design        Wire Load Model            Library
------------------------------------------------
SYS_TOP                tsmc13_wl30       scmetro_tsmc_cl013g_rvt_ss_1p08v_125c


Global Operating Voltage = 1.08 
Power-specific unit information :
    Voltage Units = 1V
    Capacitance Units = 1.000000pf
    Time Units = 1ns
    Dynamic Power Units = 1mW    (derived from V,C,T units)
    Leakage Power Units = 1pW


--------------------------------------------------------------------------------
                                       Switch   Int      Leak     Total
Hierarchy                              Power    Power    Power    Power    %
--------------------------------------------------------------------------------
SYS_TOP                                6.74e-02 2.44e-02 1.42e+07    0.106 100.0
  async_fifo_fifo (Async_fifo)         3.23e-03 6.77e-03 2.40e+06 1.24e-02  11.7
    u_r2w_sync (DF_Sync_1)             2.67e-04 6.53e-04 8.48e+04 1.00e-03   0.9
    u_fifo_rd (fifo_rd)                2.51e-04 9.65e-05 2.73e+05 6.21e-04   0.6
    u_fifo_wr (fifo_wr)                2.67e-04 6.58e-04 2.61e+05 1.19e-03   1.1
    u_w2r_sync (DF_Sync_0)             2.51e-04 9.03e-05 8.37e+04 4.25e-04   0.4
    u_fifo_mem (fifo_mem)              2.06e-03 5.27e-03 1.70e+06 9.02e-03   8.5
  pulse_gen_dut (PULSE_GEN)            2.74e-07 1.97e-05 2.35e+04 4.35e-05   0.0
  clk_div_rx_dut (CLK_DIV_1)           4.22e-04 3.70e-04 5.72e+05 1.36e-03   1.3
    add_49 (CLK_DIV_1_DW01_inc_0)         0.000    0.000 8.47e+04 8.47e-05   0.1
  clk_div_tx_dut (CLK_DIV_0)           5.92e-04 4.64e-04 5.40e+05 1.60e-03   1.5
    add_49 (CLK_DIV_0_DW01_inc_0)      4.43e-05 1.00e-05 8.42e+04 1.38e-04   0.1
  clk_gate_dut (CLK_GATE)              3.84e-04 1.50e-04 1.54e+04 5.49e-04   0.5
  rst_2_dut (RST_SYNC_1)               3.72e-05 2.64e-04 2.30e+04 3.24e-04   0.3
  rst_1_dut (RST_SYNC_0)               3.30e-05 1.27e-04 2.28e+04 1.82e-04   0.2
  regfile_dut (REGISTER_FILE)          4.34e-03 1.12e-02 3.62e+06 1.92e-02  18.1
  ALU_dut (ALU_16B)                    3.00e-04 7.23e-04 3.36e+06 4.38e-03   4.1
    mult_35 (ALU_16B_DW02_mult_0)         0.000    0.000 7.45e+05 7.45e-04   0.7
    add_27 (ALU_16B_DW01_add_0)           0.000    0.000 2.01e+05 2.01e-04   0.2
    sub_31 (ALU_16B_DW01_sub_0)           0.000    0.000 2.29e+05 2.29e-04   0.2
    div_39 (ALU_16B_DW_div_uns_0)         0.000    0.000 1.27e+06 1.27e-03   1.2
  controller_dut (controller)          2.96e-04 7.66e-04 6.81e+05 1.74e-03   1.6
  DATA_SYNC_dut (DATA_SYNC)            3.58e-04 8.94e-04 1.81e+05 1.43e-03   1.4
  uart_dut (UART)                      3.10e-03 1.64e-03 2.61e+06 7.35e-03   6.9
    RX (UART_RX)                       2.23e-03 1.34e-03 1.91e+06 5.49e-03   5.2
      U0_stp_chk (stp_chk)             5.40e-07 3.69e-05 2.79e+04 6.54e-05   0.1
      U0_par_chk (par_chk)             2.08e-07 3.66e-05 1.31e+05 1.68e-04   0.2
      U0_strt_chk (strt_chk)           4.55e-08 3.65e-05 2.70e+04 6.36e-05   0.1
      U0_deserializer (deserializer)   2.85e-04 3.20e-04 2.83e+05 8.88e-04   0.8
      U0_data_sampling (data_sampling) 2.08e-04 1.97e-04 4.89e+05 8.94e-04   0.8
      U0_edge_bit_counter (edge_bit_counter)
                                       1.05e-03 5.00e-04 4.85e+05 2.04e-03   1.9
      U0_uart_fsm (uart_rx_fsm)        4.19e-04 2.03e-04 4.59e+05 1.08e-03   1.0
    TX (UART_TX_1)                     8.69e-04 2.95e-04 7.00e+05 1.86e-03   1.8
      MUX_1_tb (MUX_1)                 8.39e-07 1.00e-05 2.52e+04 3.61e-05   0.0
      PARITY_CALC_1_tb (PARITY_CALC_1) 2.81e-04 1.03e-04 2.80e+05 6.64e-04   0.6
      SERIALIZER_1_tb (SERIALIZER_1)   3.41e-04 1.23e-04 2.76e+05 7.40e-04   0.7
      FSM_1_tb (FSM_1)                 1.15e-04 4.86e-05 1.14e+05 2.78e-04   0.3
1
