 
****************************************
Report : timing
        -path full
        -delay max
        -max_paths 1
Design : SYS_TOP
Version: K-2015.06
Date   : Mon Sep 29 20:45:43 2025
****************************************

Operating Conditions: scmetro_tsmc_cl013g_rvt_ss_1p08v_125c   Library: scmetro_tsmc_cl013g_rvt_ss_1p08v_125c
Wire Load Model Mode: top

  Startpoint: regfile_dut/Reg_File_reg[1][7]
              (rising edge-triggered flip-flop clocked by CLK_REF)
  Endpoint: ALU_dut/ALU_OUT_reg[0]
            (rising edge-triggered flip-flop clocked by CLK_ALU)
  Path Group: CLK_ALU
  Path Type: max

  Des/Clust/Port     Wire Load Model       Library
  ------------------------------------------------
  SYS_TOP            tsmc13_wl30           scmetro_tsmc_cl013g_rvt_ss_1p08v_125c

  Point                                                   Incr       Path
  --------------------------------------------------------------------------
  clock CLK_REF (rise edge)                               0.00       0.00
  clock network delay (ideal)                             0.00       0.00
  regfile_dut/Reg_File_reg[1][7]/CK (DFFRQX1M)            0.00       0.00 r
  regfile_dut/Reg_File_reg[1][7]/Q (DFFRQX1M)             0.74       0.74 f
  regfile_dut/U14/Y (INVXLM)                              0.61       1.36 r
  regfile_dut/U15/Y (INVX6M)                              0.56       1.91 f
  regfile_dut/r1[7] (REGISTER_FILE)                       0.00       1.91 f
  ALU_dut/B[7] (ALU_16B)                                  0.00       1.91 f
  ALU_dut/div_39/b[7] (ALU_16B_DW_div_uns_0)              0.00       1.91 f
  ALU_dut/div_39/U3/Y (NOR2X4M)                           0.71       2.62 r
  ALU_dut/div_39/U61/Y (AND3X1M)                          0.77       3.39 r
  ALU_dut/div_39/U25/Y (AND2X2M)                          0.71       4.09 r
  ALU_dut/div_39/U60/Y (AND4X1M)                          0.81       4.91 r
  ALU_dut/div_39/U48/Y (CLKMX2X2M)                        0.62       5.53 r
  ALU_dut/div_39/u_div/u_fa_PartRem_0_6_1/CO (ADDFX2M)
                                                          0.71       6.24 r
  ALU_dut/div_39/U24/Y (AND3X2M)                          0.73       6.98 r
  ALU_dut/div_39/U50/Y (CLKMX2X2M)                        0.63       7.60 r
  ALU_dut/div_39/u_div/u_fa_PartRem_0_5_1/CO (ADDFX2M)
                                                          0.72       8.32 r
  ALU_dut/div_39/u_div/u_fa_PartRem_0_5_2/CO (ADDFX2M)
                                                          0.46       8.78 r
  ALU_dut/div_39/U8/Y (AND2X2M)                           0.86       9.64 r
  ALU_dut/div_39/U52/Y (CLKMX2X2M)                        0.71      10.34 f
  ALU_dut/div_39/u_div/u_fa_PartRem_0_4_1/CO (ADDFX2M)
                                                          0.73      11.07 f
  ALU_dut/div_39/u_div/u_fa_PartRem_0_4_2/CO (ADDFX2M)
                                                          0.51      11.58 f
  ALU_dut/div_39/u_div/u_fa_PartRem_0_4_3/CO (ADDFX2M)
                                                          0.50      12.08 f
  ALU_dut/div_39/U5/Y (CLKAND2X4M)                        0.67      12.76 f
  ALU_dut/div_39/U54/Y (CLKMX2X2M)                        0.71      13.46 r
  ALU_dut/div_39/u_div/u_fa_PartRem_0_3_1/CO (ADDFX2M)
                                                          0.72      14.18 r
  ALU_dut/div_39/u_div/u_fa_PartRem_0_3_2/CO (ADDFX2M)
                                                          0.47      14.65 r
  ALU_dut/div_39/u_div/u_fa_PartRem_0_3_3/CO (ADDFX2M)
                                                          0.47      15.12 r
  ALU_dut/div_39/u_div/u_fa_PartRem_0_3_4/CO (ADDFX2M)
                                                          0.46      15.58 r
  ALU_dut/div_39/U4/Y (AND3X4M)                           0.76      16.34 r
  ALU_dut/div_39/U56/Y (CLKMX2X2M)                        0.69      17.03 f
  ALU_dut/div_39/u_div/u_fa_PartRem_0_2_1/CO (ADDFX2M)
                                                          0.73      17.76 f
  ALU_dut/div_39/u_div/u_fa_PartRem_0_2_2/CO (ADDFX2M)
                                                          0.51      18.27 f
  ALU_dut/div_39/u_div/u_fa_PartRem_0_2_3/CO (ADDFX2M)
                                                          0.51      18.78 f
  ALU_dut/div_39/u_div/u_fa_PartRem_0_2_4/CO (ADDFX2M)
                                                          0.51      19.28 f
  ALU_dut/div_39/u_div/u_fa_PartRem_0_2_5/CO (ADDFX2M)
                                                          0.50      19.78 f
  ALU_dut/div_39/U6/Y (CLKAND2X4M)                        0.87      20.65 f
  ALU_dut/div_39/U58/Y (CLKMX2X2M)                        0.77      21.42 f
  ALU_dut/div_39/u_div/u_fa_PartRem_0_1_1/CO (ADDFX2M)
                                                          0.73      22.16 f
  ALU_dut/div_39/u_div/u_fa_PartRem_0_1_2/CO (ADDFX2M)
                                                          0.51      22.66 f
  ALU_dut/div_39/u_div/u_fa_PartRem_0_1_3/CO (ADDFX2M)
                                                          0.51      23.17 f
  ALU_dut/div_39/u_div/u_fa_PartRem_0_1_4/CO (ADDFX2M)
                                                          0.51      23.68 f
  ALU_dut/div_39/u_div/u_fa_PartRem_0_1_5/CO (ADDFX2M)
                                                          0.51      24.18 f
  ALU_dut/div_39/u_div/u_fa_PartRem_0_1_6/CO (ADDFX2M)
                                                          0.50      24.68 f
  ALU_dut/div_39/U7/Y (CLKAND2X4M)                        0.98      25.66 f
  ALU_dut/div_39/U59/Y (CLKMX2X2M)                        0.62      26.28 f
  ALU_dut/div_39/u_div/u_fa_PartRem_0_0_1/CO (ADDFX2M)
                                                          0.66      26.94 f
  ALU_dut/div_39/u_div/u_fa_PartRem_0_0_2/CO (ADDFX2M)
                                                          0.51      27.44 f
  ALU_dut/div_39/u_div/u_fa_PartRem_0_0_3/CO (ADDFX2M)
                                                          0.51      27.95 f
  ALU_dut/div_39/u_div/u_fa_PartRem_0_0_4/CO (ADDFX2M)
                                                          0.51      28.46 f
  ALU_dut/div_39/u_div/u_fa_PartRem_0_0_5/CO (ADDFX2M)
                                                          0.51      28.96 f
  ALU_dut/div_39/u_div/u_fa_PartRem_0_0_6/CO (ADDFX2M)
                                                          0.51      29.47 f
  ALU_dut/div_39/u_div/u_fa_PartRem_0_0_7/CO (ADDFX2M)
                                                          0.50      29.98 f
  ALU_dut/div_39/quotient[0] (ALU_16B_DW_div_uns_0)       0.00      29.98 f
  ALU_dut/U113/Y (AOI222X2M)                              0.79      30.77 r
  ALU_dut/U114/Y (NAND4X2M)                               0.53      31.30 f
  ALU_dut/ALU_OUT_reg[0]/D (DFFRQX2M)                     0.00      31.30 f
  data arrival time                                                 31.30

  clock CLK_ALU (rise edge)                             100.00     100.00
  clock network delay (ideal)                             0.00     100.00
  clock uncertainty                                      -0.20      99.80
  ALU_dut/ALU_OUT_reg[0]/CK (DFFRQX2M)                    0.00      99.80 r
  library setup time                                     -0.26      99.54
  data required time                                                99.54
  --------------------------------------------------------------------------
  data required time                                                99.54
  data arrival time                                                -31.30
  --------------------------------------------------------------------------
  slack (MET)                                                       68.24


  Startpoint: controller_dut/current_state_reg[3]
              (rising edge-triggered flip-flop clocked by CLK_REF)
  Endpoint: clk_gate_dut/Latch_Out_reg
            (negative level-sensitive latch clocked by CLK_REF)
  Path Group: CLK_REF
  Path Type: max

  Des/Clust/Port     Wire Load Model       Library
  ------------------------------------------------
  SYS_TOP            tsmc13_wl30           scmetro_tsmc_cl013g_rvt_ss_1p08v_125c

  Point                                                   Incr       Path
  --------------------------------------------------------------------------
  clock CLK_REF (rise edge)                               0.00       0.00
  clock network delay (ideal)                             0.00       0.00
  controller_dut/current_state_reg[3]/CK (DFFRQX4M)       0.00       0.00 r
  controller_dut/current_state_reg[3]/Q (DFFRQX4M)        0.95       0.95 r
  controller_dut/U59/Y (INVX2M)                           0.55       1.50 f
  controller_dut/U56/Y (NOR2X4M)                          0.73       2.22 r
  controller_dut/U34/Y (NAND2X2M)                         0.39       2.62 f
  controller_dut/U33/Y (CLKBUFX6M)                        0.84       3.45 f
  controller_dut/U35/Y (NAND2X2M)                         0.49       3.94 r
  controller_dut/gate_en (controller)                     0.00       3.94 r
  clk_gate_dut/CLK_EN (CLK_GATE)                          0.00       3.94 r
  clk_gate_dut/Latch_Out_reg/D (TLATNX1M)                 0.00       3.94 r
  data arrival time                                                  3.94

  clock CLK_REF (fall edge)                              50.00      50.00
  clock network delay (ideal)                             0.00      50.00
  clock uncertainty                                      -0.20      49.80
  clk_gate_dut/Latch_Out_reg/GN (TLATNX1M)                0.00      49.80 f
  time borrowed from endpoint                             0.00      49.80
  data required time                                                49.80
  --------------------------------------------------------------------------
  data required time                                                49.80
  data arrival time                                                 -3.94
  --------------------------------------------------------------------------
  slack (MET)                                                       45.86

  Time Borrowing Information
  --------------------------------------------------------------
  CLK_REF nominal pulse width                            50.00   
  library setup time                                     -0.12   
  --------------------------------------------------------------
  max time borrow                                        49.88   
  actual time borrow                                      0.00   
  --------------------------------------------------------------


  Startpoint: UART_RX_IN (input port clocked by CLK_RX)
  Endpoint: uart_dut/RX/U0_edge_bit_counter/bit_count_reg[2]
            (rising edge-triggered flip-flop clocked by CLK_RX)
  Path Group: CLK_RX
  Path Type: max

  Des/Clust/Port     Wire Load Model       Library
  ------------------------------------------------
  SYS_TOP            tsmc13_wl30           scmetro_tsmc_cl013g_rvt_ss_1p08v_125c

  Point                                                   Incr       Path
  --------------------------------------------------------------------------
  clock CLK_RX (rise edge)                                0.00       0.00
  clock network delay (ideal)                             0.00       0.00
  input external delay                                   54.26      54.26 r
  UART_RX_IN (in)                                         0.50      54.76 r
  uart_dut/rx_in_top (UART)                               0.00      54.76 r
  uart_dut/RX/RX_IN (UART_RX)                             0.00      54.76 r
  uart_dut/RX/U0_uart_fsm/S_DATA (uart_rx_fsm)            0.00      54.76 r
  uart_dut/RX/U0_uart_fsm/U70/Y (CLKINVX1M)               0.85      55.62 f
  uart_dut/RX/U0_uart_fsm/U4/Y (OAI21X4M)                 0.90      56.51 r
  uart_dut/RX/U0_uart_fsm/U18/Y (NAND2X2M)                0.91      57.42 f
  uart_dut/RX/U0_uart_fsm/edge_bit_en (uart_rx_fsm)       0.00      57.42 f
  uart_dut/RX/U0_edge_bit_counter/Enable (edge_bit_counter)
                                                          0.00      57.42 f
  uart_dut/RX/U0_edge_bit_counter/U17/Y (CLKINVX2M)       1.01      58.44 r
  uart_dut/RX/U0_edge_bit_counter/U18/Y (NOR2X4M)         0.49      58.92 f
  uart_dut/RX/U0_edge_bit_counter/U16/Y (INVX4M)          0.86      59.78 r
  uart_dut/RX/U0_edge_bit_counter/U12/Y (NAND3X1M)        1.08      60.86 f
  uart_dut/RX/U0_edge_bit_counter/U25/Y (OAI32X2M)        1.10      61.96 r
  uart_dut/RX/U0_edge_bit_counter/bit_count_reg[2]/D (DFFRX4M)
                                                          0.00      61.96 r
  data arrival time                                                 61.96

  clock CLK_RX (rise edge)                              271.30     271.30
  clock network delay (ideal)                             0.00     271.30
  clock uncertainty                                      -0.20     271.10
  uart_dut/RX/U0_edge_bit_counter/bit_count_reg[2]/CK (DFFRX4M)
                                                          0.00     271.10 r
  library setup time                                     -0.38     270.71
  data required time                                               270.71
  --------------------------------------------------------------------------
  data required time                                               270.71
  data arrival time                                                -61.96
  --------------------------------------------------------------------------
  slack (MET)                                                      208.75


  Startpoint: uart_dut/TX/MUX_1_tb/TX_OUT_reg
              (rising edge-triggered flip-flop clocked by CLK_TX)
  Endpoint: UART_TX_O (output port clocked by CLK_TX)
  Path Group: CLK_TX
  Path Type: max

  Des/Clust/Port     Wire Load Model       Library
  ------------------------------------------------
  SYS_TOP            tsmc13_wl30           scmetro_tsmc_cl013g_rvt_ss_1p08v_125c

  Point                                                   Incr       Path
  --------------------------------------------------------------------------
  clock CLK_TX (rise edge)                                0.00       0.00
  clock network delay (ideal)                             0.00       0.00
  uart_dut/TX/MUX_1_tb/TX_OUT_reg/CK (DFFSQX2M)           0.00       0.00 r
  uart_dut/TX/MUX_1_tb/TX_OUT_reg/Q (DFFSQX2M)            1.03       1.03 r
  uart_dut/TX/MUX_1_tb/TX_OUT (MUX_1)                     0.00       1.03 r
  uart_dut/TX/TX_OUT_tb (UART_TX_1)                       0.00       1.03 r
  uart_dut/TX_OUT_tb_top (UART)                           0.00       1.03 r
  UART_TX_O (out)                                         0.00       1.03 r
  data arrival time                                                  1.03

  clock CLK_TX (rise edge)                             8681.50    8681.50
  clock network delay (ideal)                             0.00    8681.50
  clock uncertainty                                      -0.20    8681.30
  output external delay                               -1736.30    6945.00
  data required time                                              6945.00
  --------------------------------------------------------------------------
  data required time                                              6945.00
  data arrival time                                                 -1.03
  --------------------------------------------------------------------------
  slack (MET)                                                     6943.96


  Startpoint: clk_div_tx_dut/count_reg[2]
              (rising edge-triggered flip-flop clocked by CLK_UART)
  Endpoint: clk_div_tx_dut/div_clk_reg
            (rising edge-triggered flip-flop clocked by CLK_UART)
  Path Group: CLK_UART
  Path Type: max

  Des/Clust/Port     Wire Load Model       Library
  ------------------------------------------------
  SYS_TOP            tsmc13_wl30           scmetro_tsmc_cl013g_rvt_ss_1p08v_125c

  Point                                                   Incr       Path
  --------------------------------------------------------------------------
  clock CLK_UART (rise edge)                              0.00       0.00
  clock network delay (ideal)                             0.00       0.00
  clk_div_tx_dut/count_reg[2]/CK (DFFRQX2M)               0.00       0.00 r
  clk_div_tx_dut/count_reg[2]/Q (DFFRQX2M)                1.12       1.12 r
  clk_div_tx_dut/U50/Y (CLKXOR2X2M)                       0.65       1.77 f
  clk_div_tx_dut/U49/Y (NOR4X1M)                          0.98       2.75 r
  clk_div_tx_dut/U48/Y (NAND4X1M)                         0.76       3.51 f
  clk_div_tx_dut/U40/Y (MXI2X1M)                          0.70       4.21 r
  clk_div_tx_dut/U39/Y (CLKNAND2X2M)                      1.12       5.32 f
  clk_div_tx_dut/U33/Y (AOI21X1M)                         0.90       6.22 r
  clk_div_tx_dut/U32/Y (CLKXOR2X2M)                       0.57       6.79 r
  clk_div_tx_dut/div_clk_reg/D (DFFRQX1M)                 0.00       6.79 r
  data arrival time                                                  6.79

  clock CLK_UART (rise edge)                            271.30     271.30
  clock network delay (ideal)                             0.00     271.30
  clock uncertainty                                      -0.20     271.10
  clk_div_tx_dut/div_clk_reg/CK (DFFRQX1M)                0.00     271.10 r
  library setup time                                     -0.28     270.81
  data required time                                               270.81
  --------------------------------------------------------------------------
  data required time                                               270.81
  data arrival time                                                 -6.79
  --------------------------------------------------------------------------
  slack (MET)                                                      264.02


1
