Information: Propagating switching activity (low effort zero delay simulation). (PWR-6)
Warning: Design has unannotated primary inputs. (PWR-414)
Warning: Design has unannotated sequential cell outputs. (PWR-415)
 
****************************************
Report : power
        -hier
        -analysis_effort low
Design : SYS_TOP
Version: K-2015.06
Date   : Mon Sep 29 21:07:16 2025
****************************************


Library(s) Used:

    scmetro_tsmc_cl013g_rvt_ss_1p08v_125c (File: /home/IC/tsmc_fb_cl013g_sc/aci/sc-m/synopsys/scmetro_tsmc_cl013g_rvt_ss_1p08v_125c.db)


Operating Conditions: scmetro_tsmc_cl013g_rvt_ss_1p08v_125c   Library: scmetro_tsmc_cl013g_rvt_ss_1p08v_125c
Wire Load Model Mode: top

Design        Wire Load Model            Library
------------------------------------------------
SYS_TOP                tsmc13_wl30       scmetro_tsmc_cl013g_rvt_ss_1p08v_125c


Global Operating Voltage = 1.08 
Power-specific unit information :
    Voltage Units = 1V
    Capacitance Units = 1.000000pf
    Time Units = 1ns
    Dynamic Power Units = 1mW    (derived from V,C,T units)
    Leakage Power Units = 1pW


--------------------------------------------------------------------------------
                                       Switch   Int      Leak     Total
Hierarchy                              Power    Power    Power    Power    %
--------------------------------------------------------------------------------
SYS_TOP                                8.40e-02 3.26e-02 1.90e+07    0.136 100.0
  async_fifo_fifo (Async_fifo_test_1)  6.32e-03 7.38e-03 3.81e+06 1.75e-02  12.9
    u_r2w_sync (DF_Sync_test_0)        4.47e-04 5.93e-04 1.58e+05 1.20e-03   0.9
    u_fifo_rd (fifo_rd_test_1)         4.32e-04 6.10e-04 3.48e+05 1.39e-03   1.0
    u_fifo_wr (fifo_wr_test_1)         4.97e-04 6.31e-04 3.49e+05 1.48e-03   1.1
    u_w2r_sync (DF_Sync_test_1)        3.94e-04 5.90e-04 1.51e+05 1.14e-03   0.8
    u_fifo_mem (fifo_mem_test_1)       4.21e-03 4.91e-03 2.77e+06 1.19e-02   8.8
  pulse_gen_dut (PULSE_GEN_test_1)     6.67e-05 1.97e-04 4.02e+04 3.04e-04   0.2
  clk_div_rx_dut (CLK_DIV_test_0)      7.16e-04 7.74e-04 6.94e+05 2.18e-03   1.6
    add_49 (CLK_DIV_1_DW01_inc_0)      5.03e-07 2.39e-07 8.37e+04 8.45e-05   0.1
  clk_div_tx_dut (CLK_DIV_test_1)      1.67e-03 1.04e-03 6.52e+05 3.36e-03   2.5
    add_49 (CLK_DIV_0_DW01_inc_0)      3.88e-05 1.17e-05 8.36e+04 1.34e-04   0.1
  clk_gate_dut (CLK_GATE)              3.88e-04 1.36e-04 1.56e+04 5.40e-04   0.4
  rst_2_dut (RST_SYNC_test_1)          8.35e-05 2.04e-04 3.59e+04 3.23e-04   0.2
  rst_1_dut (RST_SYNC_test_0)          8.35e-05 1.97e-04 3.53e+04 3.16e-04   0.2
  regfile_dut (REGISTER_FILE_test_1)   1.25e-02 1.24e-02 5.75e+06 3.06e-02  22.6
  ALU_dut (ALU_16B_test_1)             1.66e-03 9.92e-04 3.47e+06 6.12e-03   4.5
    mult_35 (ALU_16B_DW02_mult_0)      1.95e-04 2.95e-05 7.42e+05 9.66e-04   0.7
    add_27 (ALU_16B_DW01_add_0)        3.01e-05 2.03e-05 2.03e+05 2.53e-04   0.2
    sub_31 (ALU_16B_DW01_sub_0)        3.12e-05 2.08e-05 2.29e+05 2.81e-04   0.2
    div_39 (ALU_16B_DW_div_uns_0)      2.41e-04 9.78e-05 1.28e+06 1.62e-03   1.2
  controller_dut (controller_test_1)   1.23e-03 8.75e-04 7.46e+05 2.86e-03   2.1
  DATA_SYNC_dut (DATA_SYNC_test_1)     6.83e-04 8.35e-04 3.13e+05 1.83e-03   1.4
  uart_dut (UART_test_1)               1.08e-02 6.37e-03 3.24e+06 2.04e-02  15.1
    RX (UART_RX_test_1)                7.60e-03 3.70e-03 2.13e+06 1.34e-02   9.9
      U0_stp_chk (stp_chk_test_1)      3.47e-05 8.09e-05 2.73e+04 1.43e-04   0.1
      U0_par_chk (par_chk_test_1)      1.04e-04 1.14e-04 1.28e+05 3.46e-04   0.3
      U0_strt_chk (strt_chk_test_1)    4.53e-05 8.37e-05 3.02e+04 1.59e-04   0.1
      U0_deserializer (deserializer_test_1)
                                       1.49e-03 9.58e-04 3.66e+05 2.81e-03   2.1
      U0_data_sampling (data_sampling_test_1)
                                       1.05e-03 5.66e-04 4.92e+05 2.11e-03   1.6
      U0_edge_bit_counter (edge_bit_counter_test_1)
                                       3.18e-03 1.35e-03 5.45e+05 5.08e-03   3.7
      U0_uart_fsm (uart_rx_fsm_test_1) 1.27e-03 4.76e-04 4.62e+05 2.21e-03   1.6
    TX (UART_TX_1_test_1)              3.16e-03 2.67e-03 1.10e+06 6.92e-03   5.1
      MUX_1_tb (MUX_1_test_1)          9.93e-05 1.20e-04 3.15e+04 2.51e-04   0.2
      PARITY_CALC_1_tb (PARITY_CALC_1_test_1)
                                       9.19e-04 9.12e-04 4.29e+05 2.26e-03   1.7
      SERIALIZER_1_tb (SERIALIZER_1_test_1)
                                       1.29e-03 1.15e-03 4.40e+05 2.89e-03   2.1
      FSM_1_tb (FSM_1_test_1)          5.27e-04 4.25e-04 1.55e+05 1.11e-03   0.8
1
